{
  "locals": [],
  "resource": [
    {
      "aws_security_group": {
        "test": {
          "name": [
            "test"
          ],
          "vpc_id": [
            "vpc-xxxxxxxxx"
          ],
          "dynamic": [
            {
              "ingress": {
                "for_each": [
                  "${local.sg.test}"
                ],
                "content": [
                  {
                    "from_port": [
                      80
                    ],
                    "to_port": [
                      80
                    ],
                    "protocol": [
                      "tcp"
                    ],
                    "cidr_blocks": [
                      "${split(\",\",lookup(local.map,ingress.value,ingress.value))}"
                    ]
                  }
                ]
              }
            }
          ],
          "ingress": [
            "${local.sg.test}"
          ]
        }
      }
    }
  ]
}